(1, 1-5) CONST const
(1, 7-9) INT int
(1, 11-16) ID MAXIMO
(1, 18-18) IGUAL =
(1, 20-22) NUMENTERO 100
(1, 1-1) NEWLINE \n
(2, 1-5) CONST const
(2, 7-12) DOUBLE double
(2, 14-17) ID TASA
(2, 19-19) IGUAL =
(2, 21-24) NUMDECIMAL 0.18
(2, 1-1) NEWLINE \n
(3, 1-5) CONST const
(3, 7-12) STRING string
(3, 14-19) ID MONEDA
(3, 21-21) IGUAL =
(3, 23-27) CADENASTRING USD
(3, 1-1) NEWLINE \n
(4, 1-3) INT int
(4, 5-12) ID cantidad
(4, 14-14) IGUAL =
(4, 16-17) NUMENTERO 10
(4, 1-1) NEWLINE \n
(5, 1-3) INT int
(5, 5-10) ID precio
(5, 12-12) IGUAL =
(5, 14-15) NUMENTERO 50
(5, 1-1) NEWLINE \n
(6, 1-6) STRING string
(6, 8-15) ID etiqueta
(6, 17-17) IGUAL =
(6, 19-28) CADENASTRING producto
(6, 1-1) NEWLINE \n
(7, 1-6) DOUBLE double
(7, 8-12) ID total
(7, 14-14) IGUAL =
(7, 16-23) ID cantidad
(7, 25-25) MULTI *
(7, 27-30) ID TASA
(7, 1-1) NEWLINE \n
(8, 1-6) DOUBLE double
(8, 8-15) ID subtotal
(8, 17-17) IGUAL =
(8, 19-24) ID precio
(8, 26-26) MULTI *
(8, 28-35) ID cantidad
(8, 1-1) NEWLINE \n
(9, 1-4) BOOL bool
(9, 6-11) ID activo
(9, 13-13) IGUAL =
(9, 15-18) TRUE true
(9, 1-1) NEWLINE \n
(10, 1-4) BOOL bool
(10, 6-15) ID verificado
(10, 17-17) IGUAL =
(10, 19-23) FALSE false
(10, 1-1) NEWLINE \n
(11, 1-3) INT int
(11, 5-13) ID resultado
(11, 15-15) IGUAL =
(11, 17-24) ID cantidad
(11, 26-26) SUMA +
(11, 28-35) ID etiqueta
(11, 1-1) NEWLINE \n
(12, 1-6) DOUBLE double
(12, 8-14) ID calculo
(12, 16-16) IGUAL =
(12, 18-23) ID activo
(12, 25-25) SUMA +
(12, 27-30) ID TASA
(12, 1-1) NEWLINE \n
(13, 1-6) DOUBLE double
(13, 8-16) ID operacion
(13, 18-18) IGUAL =
(13, 20-27) ID etiqueta
(13, 29-29) MULTI *
(13, 31-36) ID precio
(13, 1-1) NEWLINE \n
(14, 1-4) BOOL bool
(14, 6-11) ID logico
(14, 13-13) IGUAL =
(14, 15-19) ID total
(14, 21-23) AND and
(14, 25-32) ID cantidad
(14, 1-1) NEWLINE \n
(15, 1-6) ID MAXIMO
(15, 8-8) IGUAL =
(15, 10-12) NUMENTERO 999
(15, 1-1) NEWLINE \n
(16, 1-4) ID TASA
(16, 6-6) IGUAL =
(16, 8-11) NUMDECIMAL 0.25
(16, 1-1) NEWLINE \n
(17, 1-1) ID z
(17, 3-3) IGUAL =
(17, 5-7) NUMENTERO 100
(17, 1-1) NEWLINE \n
(18, 1-5) WRITE write
(18, 6-6) PARENI (
(18, 7-11) ID total
(18, 12-12) PAREND )
(18, 1-1) NEWLINE \n
(19, 1-5) WRITE write
(19, 6-6) PARENI (
(19, 7-14) ID subtotal
(19, 15-15) PAREND )
(19, 1-1) NEWLINE \n
(20, 1-5) WRITE write
(20, 6-6) PARENI (
(20, 7-15) ID resultado
(20, 16-16) PAREND )
(20, 1-1) NEWLINE \n
(21, 1-1) EOF $
