(1, 1-1) NEWLINE \n
(2, 1-5) CONST const
(2, 7-9) INT int
(2, 11-13) ID MAX
(2, 15-15) IGUAL =
(2, 17-19) NUMENTERO 100
(2, 1-1) NEWLINE \n
(3, 1-6) DOUBLE double
(3, 8-13) ID precio
(3, 15-15) IGUAL =
(3, 17-21) NUMDECIMAL 9.995
(3, 1-1) NEWLINE \n
(4, 1-3) INT int
(4, 5-12) ID cantidad
(4, 14-14) IGUAL =
(4, 16-16) NUMENTERO 3
(4, 1-1) NEWLINE \n
(5, 1-5) WRITE write
(5, 6-6) PARENI (
(5, 7-17) ID DineroTotal
(5, 18-18) PAREND )
(5, 1-1) NEWLINE \n
(6, 1-1) NEWLINE \n
(7, 1-1) NEWLINE \n
(8, 1-5) CONST const
(8, 7-9) INT int
(8, 11-14) ID TOPE
(8, 16-16) IGUAL =
(8, 18-19) NUMENTERO 10
(8, 1-1) NEWLINE \n
(9, 1-5) CONST const
(9, 7-12) DOUBLE double
(9, 14-19) ID LIMITE
(9, 21-21) IGUAL =
(9, 23-25) NUMDECIMAL 5.5
(9, 1-1) NEWLINE \n
(10, 1-6) DOUBLE double
(10, 8-8) ID x
(10, 10-10) IGUAL =
(10, 12-14) NUMDECIMAL 3.5
(10, 1-1) NEWLINE \n
(11, 1-3) INT int
(11, 5-5) ID y
(11, 7-7) IGUAL =
(11, 9-10) NUMENTERO 20
(11, 1-1) NEWLINE \n
(12, 1-3) INT int
(12, 5-5) ID z
(12, 7-7) IGUAL =
(12, 9-10) NUMENTERO 15
(12, 1-1) NEWLINE \n
(13, 1-4) BOOL bool
(13, 6-11) ID activo
(13, 13-13) IGUAL =
(13, 15-18) TRUE true
(13, 1-1) NEWLINE \n
(14, 1-1) NEWLINE \n
(15, 1-2) IF if
(15, 4-4) ID x
(15, 6-6) MENORQ <
(15, 8-11) ID TOPE
(15, 12-12) DOSP :
(15, 1-1) NEWLINE \n
(16, 1-1) INDENT
(16, 5-9) WRITE write
(16, 10-10) PARENI (
(16, 11-22) CADENASTRING x es menor
(16, 23-23) PAREND )
(16, 1-1) NEWLINE \n
(17, 5-6) IF if
(17, 8-8) ID y
(17, 10-10) MAYORQ >
(17, 12-12) ID z
(17, 13-13) DOSP :
(17, 1-1) NEWLINE \n
(18, 1-1) INDENT
(18, 9-13) WRITE write
(18, 14-14) PARENI (
(18, 15-26) CADENASTRING y supera z
(18, 27-27) PAREND )
(18, 1-1) NEWLINE \n
(19, 1-1) DEDENT
(19, 5-8) ELSE else
(19, 9-9) DOSP :
(19, 1-1) NEWLINE \n
(20, 1-1) INDENT
(20, 9-13) WRITE write
(20, 14-14) PARENI (
(20, 15-26) CADENASTRING z supera y
(20, 27-27) PAREND )
(20, 1-1) NEWLINE \n
(21, 1-1) DEDENT
(21, 1-1) DEDENT
(21, 1-4) ELSE else
(21, 5-5) DOSP :
(21, 1-1) NEWLINE \n
(22, 1-1) INDENT
(22, 5-9) WRITE write
(22, 10-10) PARENI (
(22, 11-28) CADENASTRING x supera el tope
(22, 29-29) PAREND )
(22, 1-1) NEWLINE \n
(23, 1-1) NEWLINE \n
(24, 1-1) DEDENT
(24, 1-5) WHILE while
(24, 7-7) ID y
(24, 9-9) MAYORQ >
(24, 11-11) NUMENTERO 0
(24, 12-12) DOSP :
(24, 1-1) NEWLINE \n
(25, 1-1) INDENT
(25, 5-5) ID y
(25, 7-7) IGUAL =
(25, 9-9) ID y
(25, 11-11) RESTA -
(25, 13-13) NUMENTERO 1
(25, 1-1) NEWLINE \n
(26, 5-9) WRITE write
(26, 10-10) PARENI (
(26, 11-11) ID y
(26, 12-12) PAREND )
(26, 1-1) NEWLINE \n
(27, 1-1) NEWLINE \n
(28, 1-1) DEDENT
(28, 1-5) WHILE while
(28, 7-12) ID activo
(28, 14-16) AND and
(28, 18-18) ID z
(28, 20-20) MAYORQ >
(28, 22-22) NUMENTERO 0
(28, 23-23) DOSP :
(28, 1-1) NEWLINE \n
(29, 1-1) INDENT
(29, 5-5) ID z
(29, 7-7) IGUAL =
(29, 9-9) ID z
(29, 11-11) RESTA -
(29, 13-13) NUMENTERO 1
(29, 1-1) NEWLINE \n
(30, 1-1) NEWLINE \n
(31, 1-1) DEDENT
(31, 1-7) FUNCION funcion
(31, 9-16) ID calcular
(31, 17-17) PARENI (
(31, 18-20) INT int
(31, 22-22) ID a
(31, 23-23) COMA ,
(31, 25-27) INT int
(31, 29-29) ID b
(31, 30-30) PAREND )
(31, 31-31) DOSP :
(31, 1-1) NEWLINE \n
(32, 1-1) INDENT
(32, 5-10) RETURN return
(32, 12-12) ID a
(32, 14-14) SUMA +
(32, 16-16) ID b
(32, 1-1) NEWLINE \n
(33, 1-1) NEWLINE \n
(34, 1-1) DEDENT
(34, 1-7) FUNCION funcion
(34, 9-17) ID verificar
(34, 18-18) PARENI (
(34, 19-22) BOOL bool
(34, 24-29) ID estado
(34, 30-30) COMA ,
(34, 32-37) DOUBLE double
(34, 39-43) ID valor
(34, 44-44) COMA ,
(34, 46-48) INT int
(34, 50-57) ID cantidad
(34, 58-58) PAREND )
(34, 59-59) DOSP :
(34, 1-1) NEWLINE \n
(35, 1-1) INDENT
(35, 5-10) RETURN return
(35, 12-17) ID estado
(35, 1-1) NEWLINE \n
(36, 1-1) NEWLINE \n
(37, 1-1) NEWLINE \n
(38, 1-1) DEDENT
(38, 1-5) CONST const
(38, 7-9) INT int
(38, 11-16) ID MAXIMO
(38, 18-18) IGUAL =
(38, 20-22) NUMENTERO 100
(38, 1-1) NEWLINE \n
(39, 1-5) CONST const
(39, 7-12) DOUBLE double
(39, 14-17) ID TASA
(39, 19-19) IGUAL =
(39, 21-24) NUMDECIMAL 0.18
(39, 1-1) NEWLINE \n
(40, 1-5) CONST const
(40, 7-12) STRING string
(40, 14-19) ID MONEDA
(40, 21-21) IGUAL =
(40, 23-27) CADENASTRING USD
(40, 1-1) NEWLINE \n
(41, 1-8) ID cantidad
(41, 10-10) IGUAL =
(41, 12-13) NUMENTERO 10
(41, 1-1) NEWLINE \n
(42, 1-6) ID precio
(42, 8-8) IGUAL =
(42, 10-11) NUMENTERO 50
(42, 1-1) NEWLINE \n
(43, 1-6) STRING string
(43, 8-15) ID etiqueta
(43, 17-17) IGUAL =
(43, 19-28) CADENASTRING producto
(43, 1-1) NEWLINE \n
(44, 1-6) DOUBLE double
(44, 8-12) ID total
(44, 14-14) IGUAL =
(44, 16-23) ID cantidad
(44, 25-25) MULTI *
(44, 27-30) ID TASA
(44, 1-1) NEWLINE \n
(45, 1-6) DOUBLE double
(45, 8-15) ID subtotal
(45, 17-17) IGUAL =
(45, 19-24) ID precio
(45, 26-26) MULTI *
(45, 28-35) ID cantidad
(45, 1-1) NEWLINE \n
(46, 1-6) ID activo
(46, 8-8) IGUAL =
(46, 10-14) FALSE false
(46, 1-1) NEWLINE \n
(47, 1-4) BOOL bool
(47, 6-15) ID verificado
(47, 17-17) IGUAL =
(47, 19-23) FALSE false
(47, 1-1) NEWLINE \n
(48, 1-3) INT int
(48, 5-13) ID resultado
(48, 15-15) IGUAL =
(48, 17-24) ID cantidad
(48, 26-26) SUMA +
(48, 28-28) NUMENTERO 7
(48, 1-1) NEWLINE \n
(49, 1-6) DOUBLE double
(49, 8-14) ID calculo
(49, 16-16) IGUAL =
(49, 18-22) NUMDECIMAL 0.099
(49, 24-24) SUMA +
(49, 26-29) ID TASA
(49, 1-1) NEWLINE \n
(50, 1-6) DOUBLE double
(50, 8-16) ID operacion
(50, 18-18) IGUAL =
(50, 20-20) NUMENTERO 9
(50, 22-22) MULTI *
(50, 24-29) ID precio
(50, 1-1) NEWLINE \n
(51, 1-4) BOOL bool
(51, 6-11) ID logico
(51, 13-13) IGUAL =
(51, 15-18) TRUE true
(51, 20-22) AND and
(51, 24-29) ID activo
(51, 1-1) NEWLINE \n
(52, 1-1) ID z
(52, 3-3) IGUAL =
(52, 5-7) NUMENTERO 100
(52, 1-1) NEWLINE \n
(53, 1-5) WRITE write
(53, 6-6) PARENI (
(53, 7-11) ID total
(53, 12-12) PAREND )
(53, 1-1) NEWLINE \n
(54, 1-5) WRITE write
(54, 6-6) PARENI (
(54, 7-14) ID subtotal
(54, 15-15) PAREND )
(54, 1-1) NEWLINE \n
(55, 1-5) WRITE write
(55, 6-6) PARENI (
(55, 7-15) ID resultado
(55, 16-16) PAREND )
(55, 1-1) NEWLINE \n
(56, 1-1) EOF $
