(1, 1-5) CONST const
(1, 7-9) INT int
(1, 11-17) ID MAYORIA
(1, 19-19) IGUAL =
(1, 21-22) NUMENTERO 18
(1, 1-1) NEWLINE \n
(2, 1-3) INT int
(2, 5-8) ID edad
(2, 1-1) NEWLINE \n
(3, 1-6) STRING string
(3, 8-16) ID resultado
(3, 1-1) NEWLINE \n
(4, 1-4) READ read
(4, 5-5) PARENI (
(4, 6-9) ID edad
(4, 10-10) PAREND )
(4, 1-1) NEWLINE \n
(5, 1-2) IF if
(5, 4-7) ID edad
(5, 9-10) MAYORIGU >=
(5, 12-18) ID MAYORIA
(5, 19-19) DOSP :
(5, 1-1) NEWLINE \n
(6, 1-1) INDENT
(6, 5-9) WRITE write
(6, 10-10) PARENI (
(6, 11-30) CADENASTRING Eres mayor de edad
(6, 31-31) PAREND )
(6, 1-1) NEWLINE \n
(7, 1-1) DEDENT
(7, 1-4) ELSE else
(7, 5-5) DOSP :
(7, 1-1) NEWLINE \n
(8, 1-1) INDENT
(8, 5-9) WRITE write
(8, 10-10) PARENI (
(8, 11-30) CADENASTRING Eres menor de edad
(8, 31-31) PAREND )
(8, 1-1) NEWLINE \n
(9, 1-1) DEDENT
(9, 1-5) WRITE write
(9, 6-6) PARENI (
(9, 7-24) CADENASTRING Fin del programa
(9, 25-25) PAREND )
(9, 1-1) NEWLINE \n
(10, 1-1) EOF $
