(1, 1-5) CONST const
(1, 7-9) INT int
(1, 11-14) ID BASE
(1, 16-16) IGUAL =
(1, 18-19) NUMENTERO 10
(1, 1-1) NEWLINE \n
(2, 1-5) CONST const
(2, 7-12) DOUBLE double
(2, 14-15) ID PI
(2, 17-17) IGUAL =
(2, 19-24) NUMDECIMAL 3.1416
(2, 1-1) NEWLINE \n
(3, 1-1) NEWLINE \n
(4, 1-7) FUNCION funcion
(4, 9-16) ID calcular
(4, 17-17) PARENI (
(4, 18-23) DOUBLE double
(4, 25-29) ID radio
(4, 30-30) COMA ,
(4, 32-34) INT int
(4, 36-36) ID b
(4, 37-37) PAREND )
(4, 38-38) DOSP :
(4, 1-1) NEWLINE \n
(5, 1-1) INDENT
(5, 5-10) DOUBLE double
(5, 12-15) ID area
(5, 17-17) IGUAL =
(5, 19-20) ID PI
(5, 22-22) MULTI *
(5, 24-28) ID radio
(5, 30-30) MULTI *
(5, 32-36) ID radio
(5, 1-1) NEWLINE \n
(6, 5-7) INT int
(6, 9-12) ID suma
(6, 14-14) IGUAL =
(6, 16-19) ID BASE
(6, 21-21) SUMA +
(6, 23-23) ID b
(6, 1-1) NEWLINE \n
(7, 5-7) INT int
(7, 9-13) ID resta
(7, 15-15) IGUAL =
(7, 17-20) ID BASE
(7, 22-22) RESTA -
(7, 24-24) ID b
(7, 1-1) NEWLINE \n
(8, 5-7) INT int
(8, 9-16) ID producto
(8, 18-18) IGUAL =
(8, 20-23) ID BASE
(8, 25-25) MULTI *
(8, 27-27) ID b
(8, 1-1) NEWLINE \n
(9, 5-7) INT int
(9, 9-16) ID division
(9, 18-18) IGUAL =
(9, 20-23) ID BASE
(9, 25-25) DIV /
(9, 27-27) ID b
(9, 1-1) NEWLINE \n
(10, 5-6) IF if
(10, 8-11) ID suma
(10, 13-13) MAYORQ >
(10, 15-16) NUMENTERO 10
(10, 17-17) DOSP :
(10, 1-1) NEWLINE \n
(11, 1-1) INDENT
(11, 9-14) STRING string
(11, 16-22) ID mensaje
(11, 24-24) IGUAL =
(11, 26-43) CADENASTRING resultado grande
(11, 1-1) NEWLINE \n
(12, 9-13) WRITE write
(12, 14-14) PARENI (
(12, 15-21) ID mensaje
(12, 22-22) PAREND )
(12, 1-1) NEWLINE \n
(13, 1-1) DEDENT
(13, 5-10) RETURN return
(13, 12-15) ID area
(13, 1-1) NEWLINE \n
(14, 1-1) NEWLINE \n
(15, 1-1) DEDENT
(15, 1-6) DOUBLE double
(15, 8-17) ID radioValor
(15, 19-19) IGUAL =
(15, 21-23) NUMDECIMAL 5.0
(15, 1-1) NEWLINE \n
(16, 1-3) INT int
(16, 5-10) ID bValor
(16, 12-12) IGUAL =
(16, 14-14) NUMENTERO 3
(16, 1-1) NEWLINE \n
(17, 1-8) ID calcular
(17, 9-9) PARENI (
(17, 10-19) ID radioValor
(17, 20-20) COMA ,
(17, 22-27) ID bValor
(17, 28-28) PAREND )
(17, 1-1) NEWLINE \n
(18, 1-5) WRITE write
(18, 6-6) PARENI (
(18, 7-26) CADENASTRING Calculo completado
(18, 27-27) PAREND )
(18, 1-1) NEWLINE \n
(19, 1-1) EOF $
