(1, 1-5) CONST const
(1, 7-12) DOUBLE double
(1, 14-19) ID FACTOR
(1, 21-21) IGUAL =
(1, 23-25) NUMDECIMAL 1.5
(1, 1-1) NEWLINE \n
(2, 1-1) NEWLINE \n
(3, 1-7) FUNCION funcion
(3, 9-20) ID calcularBono
(3, 21-21) PARENI (
(3, 22-24) INT int
(3, 26-32) ID salario
(3, 33-33) COMA ,
(3, 35-40) DOUBLE double
(3, 42-47) ID factor
(3, 48-48) PAREND )
(3, 49-49) DOSP :
(3, 1-1) NEWLINE \n
(4, 1-1) INDENT
(4, 5-10) DOUBLE double
(4, 12-15) ID bono
(4, 17-17) IGUAL =
(4, 19-25) ID salario
(4, 27-27) MULTI *
(4, 29-34) ID factor
(4, 1-1) NEWLINE \n
(5, 5-10) RETURN return
(5, 12-15) ID bono
(5, 1-1) NEWLINE \n
(6, 1-1) NEWLINE \n
(7, 1-1) DEDENT
(7, 1-3) INT int
(7, 5-15) ID salarioBase
(7, 17-17) IGUAL =
(7, 19-22) NUMENTERO 5000
(7, 1-1) NEWLINE \n
(8, 1-6) DOUBLE double
(8, 8-19) ID bonificacion
(8, 21-21) IGUAL =
(8, 23-33) ID salarioBase
(8, 35-35) MULTI *
(8, 37-42) ID FACTOR
(8, 1-1) NEWLINE \n
(9, 1-12) ID calcularBono
(9, 13-13) PARENI (
(9, 14-24) ID salarioBase
(9, 25-25) COMA ,
(9, 27-32) ID FACTOR
(9, 33-33) PAREND )
(9, 1-1) NEWLINE \n
(10, 1-5) WRITE write
(10, 6-6) PARENI (
(10, 7-26) CADENASTRING Calculo completado
(10, 27-27) PAREND )
(10, 1-1) NEWLINE \n
(11, 1-5) WRITE write
(11, 6-6) PARENI (
(11, 7-18) ID bonificacion
(11, 19-19) PAREND )
(11, 1-1) NEWLINE \n
(12, 1-1) EOF $
