(1, 1-1) NEWLINE \n
(2, 1-6) STRING string
(2, 8-12) ID texto
(2, 14-14) IGUAL =
(2, 16-48) CADENASTRING Prueba de texto fase 3 proyecto
(2, 1-1) NEWLINE \n
(3, 1-5) WRITE write
(3, 6-6) PARENI (
(3, 7-11) ID texto
(3, 12-12) PAREND )
(3, 1-1) NEWLINE \n
(4, 1-1) NEWLINE \n
(5, 1-1) NEWLINE \n
(6, 1-5) CONST const
(6, 7-9) INT int
(6, 11-17) ID MAYORIA
(6, 19-19) IGUAL =
(6, 21-22) NUMENTERO 18
(6, 1-1) NEWLINE \n
(7, 1-3) INT int
(7, 5-8) ID edad
(7, 1-1) NEWLINE \n
(8, 1-6) STRING string
(8, 8-16) ID resultado
(8, 1-1) NEWLINE \n
(9, 1-4) READ read
(9, 5-5) PARENI (
(9, 6-9) ID edad
(9, 10-10) PAREND )
(9, 1-1) NEWLINE \n
(10, 1-2) IF if
(10, 4-7) ID edad
(10, 9-10) MAYORIGU >=
(10, 12-18) ID MAYORIA
(10, 19-19) DOSP :
(10, 1-1) NEWLINE \n
(11, 1-1) INDENT
(11, 5-9) WRITE write
(11, 10-10) PARENI (
(11, 11-30) CADENASTRING Eres mayor de edad
(11, 31-31) PAREND )
(11, 1-1) NEWLINE \n
(12, 1-1) DEDENT
(12, 1-4) ELSE else
(12, 5-5) DOSP :
(12, 1-1) NEWLINE \n
(13, 1-1) INDENT
(13, 5-9) WRITE write
(13, 10-10) PARENI (
(13, 11-30) CADENASTRING Eres menor de edad
(13, 31-31) PAREND )
(13, 1-1) NEWLINE \n
(14, 1-1) DEDENT
(14, 1-5) WRITE write
(14, 6-6) PARENI (
(14, 7-24) CADENASTRING Fin del programa
(14, 25-25) PAREND )
(14, 1-1) NEWLINE \n
(15, 1-1) NEWLINE \n
(16, 1-1) NEWLINE \n
(17, 1-5) CONST const
(17, 7-9) INT int
(17, 11-14) ID BASE
(17, 16-16) IGUAL =
(17, 18-19) NUMENTERO 10
(17, 1-1) NEWLINE \n
(18, 1-5) CONST const
(18, 7-12) DOUBLE double
(18, 14-15) ID PI
(18, 17-17) IGUAL =
(18, 19-24) NUMDECIMAL 3.1416
(18, 1-1) NEWLINE \n
(19, 1-1) NEWLINE \n
(20, 1-7) FUNCION funcion
(20, 9-16) ID calcular
(20, 17-17) PARENI (
(20, 18-23) DOUBLE double
(20, 25-29) ID radio
(20, 30-30) COMA ,
(20, 32-34) INT int
(20, 36-36) ID b
(20, 37-37) PAREND )
(20, 38-38) DOSP :
(20, 1-1) NEWLINE \n
(21, 1-1) INDENT
(21, 5-10) DOUBLE double
(21, 12-15) ID area
(21, 17-17) IGUAL =
(21, 19-20) ID PI
(21, 22-22) MULTI *
(21, 24-28) ID radio
(21, 30-30) MULTI *
(21, 32-36) ID radio
(21, 1-1) NEWLINE \n
(22, 5-7) INT int
(22, 9-12) ID suma
(22, 14-14) IGUAL =
(22, 16-19) ID BASE
(22, 21-21) SUMA +
(22, 23-23) ID b
(22, 1-1) NEWLINE \n
(23, 5-7) INT int
(23, 9-13) ID resta
(23, 15-15) IGUAL =
(23, 17-20) ID BASE
(23, 22-22) RESTA -
(23, 24-24) ID b
(23, 1-1) NEWLINE \n
(24, 5-7) INT int
(24, 9-16) ID producto
(24, 18-18) IGUAL =
(24, 20-23) ID BASE
(24, 25-25) MULTI *
(24, 27-27) ID b
(24, 1-1) NEWLINE \n
(25, 5-7) INT int
(25, 9-16) ID division
(25, 18-18) IGUAL =
(25, 20-23) ID BASE
(25, 25-25) DIV /
(25, 27-27) ID b
(25, 1-1) NEWLINE \n
(26, 5-6) IF if
(26, 8-11) ID suma
(26, 13-13) MAYORQ >
(26, 15-16) NUMENTERO 10
(26, 17-17) DOSP :
(26, 1-1) NEWLINE \n
(27, 1-1) INDENT
(27, 9-14) STRING string
(27, 16-22) ID mensaje
(27, 24-24) IGUAL =
(27, 26-43) CADENASTRING resultado grande
(27, 1-1) NEWLINE \n
(28, 9-13) WRITE write
(28, 14-14) PARENI (
(28, 15-21) ID mensaje
(28, 22-22) PAREND )
(28, 1-1) NEWLINE \n
(29, 1-1) DEDENT
(29, 5-10) RETURN return
(29, 12-15) ID area
(29, 1-1) NEWLINE \n
(30, 1-1) NEWLINE \n
(31, 1-1) DEDENT
(31, 1-6) DOUBLE double
(31, 8-17) ID radioValor
(31, 19-19) IGUAL =
(31, 21-23) NUMDECIMAL 5.0
(31, 1-1) NEWLINE \n
(32, 1-3) INT int
(32, 5-10) ID bValor
(32, 12-12) IGUAL =
(32, 14-14) NUMENTERO 3
(32, 1-1) NEWLINE \n
(33, 1-8) ID calcular
(33, 9-9) PARENI (
(33, 10-19) ID radioValor
(33, 20-20) COMA ,
(33, 22-27) ID bValor
(33, 28-28) PAREND )
(33, 1-1) NEWLINE \n
(34, 1-1) NEWLINE \n
(35, 1-1) NEWLINE \n
(36, 1-1) NEWLINE \n
(37, 1-5) CONST const
(37, 7-12) DOUBLE double
(37, 14-19) ID FACTOR
(37, 21-21) IGUAL =
(37, 23-25) NUMDECIMAL 1.5
(37, 1-1) NEWLINE \n
(38, 1-1) NEWLINE \n
(39, 1-7) FUNCION funcion
(39, 9-20) ID calcularBono
(39, 21-21) PARENI (
(39, 22-24) INT int
(39, 26-32) ID salario
(39, 33-33) COMA ,
(39, 35-40) DOUBLE double
(39, 42-47) ID factor
(39, 48-48) PAREND )
(39, 49-49) DOSP :
(39, 1-1) NEWLINE \n
(40, 1-1) INDENT
(40, 5-10) DOUBLE double
(40, 12-15) ID bono
(40, 17-17) IGUAL =
(40, 19-25) ID salario
(40, 27-27) MULTI *
(40, 29-34) ID factor
(40, 1-1) NEWLINE \n
(41, 5-10) RETURN return
(41, 12-15) ID bono
(41, 1-1) NEWLINE \n
(42, 1-1) NEWLINE \n
(43, 1-1) DEDENT
(43, 1-3) INT int
(43, 5-15) ID salarioBase
(43, 17-17) IGUAL =
(43, 19-22) NUMENTERO 5000
(43, 1-1) NEWLINE \n
(44, 1-6) DOUBLE double
(44, 8-19) ID bonificacion
(44, 21-21) IGUAL =
(44, 23-33) ID salarioBase
(44, 35-35) MULTI *
(44, 37-42) ID FACTOR
(44, 1-1) NEWLINE \n
(45, 1-12) ID calcularBono
(45, 13-13) PARENI (
(45, 14-24) ID salarioBase
(45, 25-25) COMA ,
(45, 27-32) ID FACTOR
(45, 33-33) PAREND )
(45, 1-1) NEWLINE \n
(46, 1-5) WRITE write
(46, 6-6) PARENI (
(46, 7-26) CADENASTRING Calculo completado
(46, 27-27) PAREND )
(46, 1-1) NEWLINE \n
(47, 1-5) WRITE write
(47, 6-6) PARENI (
(47, 7-18) ID bonificacion
(47, 19-19) PAREND )
(47, 1-1) NEWLINE \n
(48, 1-1) NEWLINE \n
(49, 1-1) NEWLINE \n
(50, 1-5) CONST const
(50, 7-9) INT int
(50, 11-16) ID LIMITE
(50, 18-18) IGUAL =
(50, 20-20) NUMENTERO 5
(50, 1-1) NEWLINE \n
(51, 1-5) CONST const
(51, 7-12) DOUBLE double
(51, 14-23) ID INCREMENTO
(51, 25-25) IGUAL =
(51, 27-29) NUMDECIMAL 1.5
(51, 1-1) NEWLINE \n
(52, 1-3) INT int
(52, 5-12) ID contador
(52, 14-14) IGUAL =
(52, 16-16) NUMENTERO 0
(52, 1-1) NEWLINE \n
(53, 1-6) DOUBLE double
(53, 8-16) ID acumulado
(53, 18-18) IGUAL =
(53, 20-22) NUMDECIMAL 0.0
(53, 1-1) NEWLINE \n
(54, 1-5) WHILE while
(54, 7-14) ID contador
(54, 16-16) MENORQ <
(54, 18-23) ID LIMITE
(54, 24-24) DOSP :
(54, 1-1) NEWLINE \n
(55, 1-1) INDENT
(55, 5-13) ID acumulado
(55, 15-15) IGUAL =
(55, 17-25) ID acumulado
(55, 27-27) SUMA +
(55, 29-38) ID INCREMENTO
(55, 1-1) NEWLINE \n
(56, 5-12) ID contador
(56, 14-14) IGUAL =
(56, 16-23) ID contador
(56, 25-25) SUMA +
(56, 27-27) NUMENTERO 1
(56, 1-1) NEWLINE \n
(57, 5-9) WRITE write
(57, 10-10) PARENI (
(57, 11-18) ID contador
(57, 19-19) PAREND )
(57, 1-1) NEWLINE \n
(58, 5-9) WRITE write
(58, 10-10) PARENI (
(58, 11-19) ID acumulado
(58, 20-20) PAREND )
(58, 1-1) NEWLINE \n
(59, 1-1) DEDENT
(59, 1-5) WRITE write
(59, 6-6) PARENI (
(59, 7-23) CADENASTRING Contador final:
(59, 24-24) PAREND )
(59, 1-1) NEWLINE \n
(60, 1-5) WRITE write
(60, 6-6) PARENI (
(60, 7-14) ID contador
(60, 15-15) PAREND )
(60, 1-1) NEWLINE \n
(61, 1-5) WRITE write
(61, 6-6) PARENI (
(61, 7-24) CADENASTRING Acumulado final:
(61, 25-25) PAREND )
(61, 1-1) NEWLINE \n
(62, 1-5) WRITE write
(62, 6-6) PARENI (
(62, 7-15) ID acumulado
(62, 16-16) PAREND )
(62, 1-1) NEWLINE \n
(63, 1-1) EOF $
