(1, 1-5) CONST const
(1, 7-9) INT int
(1, 11-16) ID LIMITE
(1, 18-18) IGUAL =
(1, 20-20) NUMENTERO 5
(1, 1-1) NEWLINE \n
(2, 1-5) CONST const
(2, 7-12) DOUBLE double
(2, 14-23) ID INCREMENTO
(2, 25-25) IGUAL =
(2, 27-29) NUMDECIMAL 1.5
(2, 1-1) NEWLINE \n
(3, 1-3) INT int
(3, 5-12) ID contador
(3, 14-14) IGUAL =
(3, 16-16) NUMENTERO 0
(3, 1-1) NEWLINE \n
(4, 1-6) DOUBLE double
(4, 8-16) ID acumulado
(4, 18-18) IGUAL =
(4, 20-22) NUMDECIMAL 0.0
(4, 1-1) NEWLINE \n
(5, 1-5) WHILE while
(5, 7-14) ID contador
(5, 16-16) MENORQ <
(5, 18-23) ID LIMITE
(5, 24-24) DOSP :
(5, 1-1) NEWLINE \n
(6, 1-1) INDENT
(6, 5-13) ID acumulado
(6, 15-15) IGUAL =
(6, 17-25) ID acumulado
(6, 27-27) SUMA +
(6, 29-38) ID INCREMENTO
(6, 1-1) NEWLINE \n
(7, 5-12) ID contador
(7, 14-14) IGUAL =
(7, 16-23) ID contador
(7, 25-25) SUMA +
(7, 27-27) NUMENTERO 1
(7, 1-1) NEWLINE \n
(8, 5-9) WRITE write
(8, 10-10) PARENI (
(8, 11-18) ID contador
(8, 19-19) PAREND )
(8, 1-1) NEWLINE \n
(9, 5-9) WRITE write
(9, 10-10) PARENI (
(9, 11-19) ID acumulado
(9, 20-20) PAREND )
(9, 1-1) NEWLINE \n
(10, 1-1) DEDENT
(10, 1-5) WRITE write
(10, 6-6) PARENI (
(10, 7-23) CADENASTRING Contador final:
(10, 24-24) PAREND )
(10, 1-1) NEWLINE \n
(11, 1-5) WRITE write
(11, 6-6) PARENI (
(11, 7-14) ID contador
(11, 15-15) PAREND )
(11, 1-1) NEWLINE \n
(12, 1-5) WRITE write
(12, 6-6) PARENI (
(12, 7-24) CADENASTRING Acumulado final:
(12, 25-25) PAREND )
(12, 1-1) NEWLINE \n
(13, 1-5) WRITE write
(13, 6-6) PARENI (
(13, 7-15) ID acumulado
(13, 16-16) PAREND )
(13, 1-1) NEWLINE \n
(14, 1-1) EOF $
